[    0.000000] Linux version 4.15.0-74-generic (buildd@lcy01-amd64-022) (gcc version 7.4.0 (Ubuntu 7.4.0-1ubuntu1~18.04.1)) #84-Ubuntu SMP Thu Dec 19 08:06:28 UTC 2019 (Ubuntu 4.15.0-74.84-generic 4.15.18)
[    0.000000] Command line: BOOT_IMAGE=/boot/vmlinuz-4.15.0-74-generic root=LABEL=cloudimg-rootfs ro console=tty1 console=ttyS0
[    0.000000] KERNEL supported cpus:
[    0.000000]   Intel GenuineIntel
[    0.000000]   AMD AuthenticAMD
[    0.000000]   Centaur CentaurHauls
[    0.000000] x86/fpu: Supporting XSAVE feature 0x001: 'x87 floating point registers'
[    0.000000] x86/fpu: Supporting XSAVE feature 0x002: 'SSE registers'
[    0.000000] x86/fpu: Supporting XSAVE feature 0x004: 'AVX registers'
[    0.000000] x86/fpu: xstate_offset[2]:  576, xstate_sizes[2]:  256
[    0.000000] x86/fpu: Enabled xstate features 0x7, context size is 832 bytes, using 'standard' format.
[    0.000000] e820: BIOS-provided physical RAM map:
[    0.000000] BIOS-e820: [mem 0x0000000000000000-0x000000000009fbff] usable
[    0.000000] BIOS-e820: [mem 0x000000000009fc00-0x000000000009ffff] reserved
[    0.000000] BIOS-e820: [mem 0x00000000000f0000-0x00000000000fffff] reserved
[    0.000000] BIOS-e820: [mem 0x0000000000100000-0x000000003ffeffff] usable
[    0.000000] BIOS-e820: [mem 0x000000003fff0000-0x000000003fffffff] ACPI data
[    0.000000] BIOS-e820: [mem 0x00000000fec00000-0x00000000fec00fff] reserved
[    0.000000] BIOS-e820: [mem 0x00000000fee00000-0x00000000fee00fff] reserved
[    0.000000] BIOS-e820: [mem 0x00000000fffc0000-0x00000000ffffffff] reserved
[    0.000000] NX (Execute Disable) protection: active
[    0.000000] SMBIOS 2.5 present.
[    0.000000] DMI: innotek GmbH VirtualBox/VirtualBox, BIOS VirtualBox 12/01/2006
[    0.000000] Hypervisor detected: KVM
[    0.000000] e820: last_pfn = 0x3fff0 max_arch_pfn = 0x400000000
[    0.000000] MTRR: Disabled
[    0.000000] x86/PAT: MTRRs disabled, skipping PAT initialization too.
[    0.000000] CPU MTRRs all blank - virtualized system.
[    0.000000] x86/PAT: Configuration [0-7]: WB  WT  UC- UC  WB  WT  UC- UC  
[    0.000000] found SMP MP-table at [mem 0x0009fff0-0x0009ffff]
[    0.000000] Scanning 1 areas for low memory corruption
[    0.000000] RAMDISK: [mem 0x35a6d000-0x36d2dfff]
[    0.000000] ACPI: Early table checksum verification disabled
[    0.000000] ACPI: RSDP 0x00000000000E0000 000024 (v02 VBOX  )
[    0.000000] ACPI: XSDT 0x000000003FFF0030 00003C (v01 VBOX   VBOXXSDT 00000001 ASL  00000061)
[    0.000000] ACPI: FACP 0x000000003FFF00F0 0000F4 (v04 VBOX   VBOXFACP 00000001 ASL  00000061)
[    0.000000] ACPI: DSDT 0x000000003FFF0470 0022EA (v02 VBOX   VBOXBIOS 00000002 INTL 20160108)
[    0.000000] ACPI: FACS 0x000000003FFF0200 000040
[    0.000000] ACPI: FACS 0x000000003FFF0200 000040
[    0.000000] ACPI: APIC 0x000000003FFF0240 00005C (v02 VBOX   VBOXAPIC 00000001 ASL  00000061)
[    0.000000] ACPI: SSDT 0x000000003FFF02A0 0001CC (v01 VBOX   VBOXCPUT 00000002 INTL 20160108)
[    0.000000] No NUMA configuration found
[    0.000000] Faking a node at [mem 0x0000000000000000-0x000000003ffeffff]
[    0.000000] NODE_DATA(0) allocated [mem 0x3ffc5000-0x3ffeffff]
[    0.000000] kvm-clock: cpu 0, msr 0:3ff44001, primary cpu clock
[    0.000000] kvm-clock: Using msrs 4b564d01 and 4b564d00
[    0.000000] kvm-clock: using sched offset of 3501761776 cycles
[    0.000000] clocksource: kvm-clock: mask: 0xffffffffffffffff max_cycles: 0x1cd42e4dffb, max_idle_ns: 881590591483 ns
[    0.000000] Zone ranges:
[    0.000000]   DMA      [mem 0x0000000000001000-0x0000000000ffffff]
[    0.000000]   DMA32    [mem 0x0000000001000000-0x000000003ffeffff]
[    0.000000]   Normal   empty
[    0.000000]   Device   empty
[    0.000000] Movable zone start for each node
[    0.000000] Early memory node ranges
[    0.000000]   node   0: [mem 0x0000000000001000-0x000000000009efff]
[    0.000000]   node   0: [mem 0x0000000000100000-0x000000003ffeffff]
[    0.000000] Reserved but unavailable: 98 pages
[    0.000000] Initmem setup node 0 [mem 0x0000000000001000-0x000000003ffeffff]
[    0.000000] ACPI: PM-Timer IO Port: 0x4008
[    0.000000] IOAPIC[0]: apic_id 2, version 32, address 0xfec00000, GSI 0-23
[    0.000000] ACPI: INT_SRC_OVR (bus 0 bus_irq 0 global_irq 2 dfl dfl)
[    0.000000] ACPI: INT_SRC_OVR (bus 0 bus_irq 9 global_irq 9 low level)
[    0.000000] Using ACPI (MADT) for SMP configuration information
[    0.000000] smpboot: Allowing 2 CPUs, 0 hotplug CPUs
[    0.000000] PM: Registered nosave memory: [mem 0x00000000-0x00000fff]
[    0.000000] PM: Registered nosave memory: [mem 0x0009f000-0x0009ffff]
[    0.000000] PM: Registered nosave memory: [mem 0x000a0000-0x000effff]
[    0.000000] PM: Registered nosave memory: [mem 0x000f0000-0x000fffff]
[    0.000000] e820: [mem 0x40000000-0xfebfffff] available for PCI devices
[    0.000000] Booting paravirtualized kernel on KVM
[    0.000000] clocksource: refined-jiffies: mask: 0xffffffff max_cycles: 0xffffffff, max_idle_ns: 7645519600211568 ns
[    0.000000] random: get_random_bytes called from start_kernel+0x99/0x4fd with crng_init=0
[    0.000000] setup_percpu: NR_CPUS:8192 nr_cpumask_bits:2 nr_cpu_ids:2 nr_node_ids:1
[    0.000000] percpu: Embedded 45 pages/cpu s147456 r8192 d28672 u1048576
[    0.000000] PV qspinlock hash table entries: 256 (order: 0, 4096 bytes)
[    0.000000] Built 1 zonelists, mobility grouping on.  Total pages: 257913
[    0.000000] Policy zone: DMA32
[    0.000000] Kernel command line: BOOT_IMAGE=/boot/vmlinuz-4.15.0-74-generic root=LABEL=cloudimg-rootfs ro console=tty1 console=ttyS0
[    0.000000] Memory: 983076K/1048120K available (12300K kernel code, 2481K rwdata, 4260K rodata, 2428K init, 2704K bss, 65044K reserved, 0K cma-reserved)
[    0.000000] SLUB: HWalign=64, Order=0-3, MinObjects=0, CPUs=2, Nodes=1
[    0.000000] Kernel/User page tables isolation: enabled
[    0.000000] ftrace: allocating 39322 entries in 154 pages
[    0.004000] Hierarchical RCU implementation.
[    0.004000] 	RCU restricting CPUs from NR_CPUS=8192 to nr_cpu_ids=2.
[    0.004000] 	Tasks RCU enabled.
[    0.004000] RCU: Adjusting geometry for rcu_fanout_leaf=16, nr_cpu_ids=2
[    0.004000] NR_IRQS: 524544, nr_irqs: 440, preallocated irqs: 16
[    0.004000] Console: colour VGA+ 80x25
[    0.004000] console [tty1] enabled
[    0.004000] console [ttyS0] enabled
[    0.004000] ACPI: Core revision 20170831
[    0.004000] ACPI: 2 ACPI AML tables successfully acquired and loaded
[    0.004000] APIC: Switch to symmetric I/O mode setup
[    0.004000] x2apic enabled
[    0.004000] Switched APIC routing to physical x2apic.
[    0.004000] ..TIMER: vector=0x30 apic1=0 pin1=2 apic2=-1 pin2=-1
[    0.004000] tsc: Detected 2394.454 MHz processor
[    0.004010] Calibrating delay loop (skipped) preset value.. 4788.90 BogoMIPS (lpj=9577816)
[    0.005029] pid_max: default: 32768 minimum: 301
[    0.005630] Security Framework initialized
[    0.007044] Yama: becoming mindful.
[    0.008000] AppArmor: AppArmor initialized
[    0.008494] Dentry cache hash table entries: 131072 (order: 8, 1048576 bytes)
[    0.009412] Inode-cache hash table entries: 65536 (order: 7, 524288 bytes)
[    0.012009] Mount-cache hash table entries: 2048 (order: 2, 16384 bytes)
[    0.012826] Mountpoint-cache hash table entries: 2048 (order: 2, 16384 bytes)
[    0.013906] Last level iTLB entries: 4KB 1024, 2MB 1024, 4MB 1024
[    0.014657] Last level dTLB entries: 4KB 1024, 2MB 1024, 4MB 1024, 1GB 4
[    0.015444] Spectre V1 : Mitigation: usercopy/swapgs barriers and __user pointer sanitization
[    0.016002] Spectre V2 : Mitigation: Full generic retpoline
[    0.016672] Spectre V2 : Spectre v2 / SpectreRSB mitigation: Filling RSB on context switch
[    0.017671] Speculative Store Bypass: Vulnerable
[    0.018282] MDS: Mitigation: Clear CPU buffers
[    0.018973] Freeing SMP alternatives memory: 36K
[    0.130124] smpboot: CPU0: Intel(R) Core(TM) i7-4700MQ CPU @ 2.40GHz (family: 0x6, model: 0x3c, stepping: 0x3)
[    0.131418] Performance Events: unsupported p6 CPU model 60 no PMU driver, software events only.
[    0.132000] Hierarchical SRCU implementation.
[    0.132000] NMI watchdog: Perf event create on CPU 0 failed with -2
[    0.132001] NMI watchdog: Perf NMI watchdog permanently disabled
[    0.132781] smp: Bringing up secondary CPUs ...
[    0.133416] x86: Booting SMP configuration:
[    0.133950] .... node  #0, CPUs:      #1
[    0.004000] kvm-clock: cpu 1, msr 0:3ff44041, secondary cpu clock
[    0.136019] smp: Brought up 1 node, 2 CPUs
[    0.136545] smpboot: Max logical packages: 1
[    0.137083] smpboot: Total of 2 processors activated (9577.81 BogoMIPS)
[    0.137980] devtmpfs: initialized
[    0.140026] x86/mm: Memory block size: 128MB
[    0.140696] evm: security.selinux
[    0.141143] evm: security.SMACK64
[    0.141614] evm: security.SMACK64EXEC
[    0.142096] evm: security.SMACK64TRANSMUTE
[    0.142645] evm: security.SMACK64MMAP
[    0.143145] evm: security.apparmor
[    0.143598] evm: security.ima
[    0.144000] evm: security.capability
[    0.144091] clocksource: jiffies: mask: 0xffffffff max_cycles: 0xffffffff, max_idle_ns: 7645041785100000 ns
[    0.145214] futex hash table entries: 512 (order: 3, 32768 bytes)
[    0.146368] pinctrl core: initialized pinctrl subsystem
[    0.147117] RTC time: 17:36:48, date: 01/13/20
[    0.148138] NET: Registered protocol family 16
[    0.148772] audit: initializing netlink subsys (disabled)
[    0.149492] audit: type=2000 audit(1578937014.160:1): state=initialized audit_enabled=0 res=1
[    0.149492] cpuidle: using governor ladder
[    0.149492] cpuidle: using governor menu
[    0.152035] ACPI: bus type PCI registered
[    0.152568] acpiphp: ACPI Hot Plug PCI Controller Driver version: 0.5
[    0.153454] PCI: Using configuration type 1 for base access
[    0.154171] HugeTLB registered 2.00 MiB page size, pre-allocated 0 pages
[    0.156065] ACPI: Added _OSI(Module Device)
[    0.156617] ACPI: Added _OSI(Processor Device)
[    0.157190] ACPI: Added _OSI(3.0 _SCP Extensions)
[    0.157791] ACPI: Added _OSI(Processor Aggregator Device)
[    0.158467] ACPI: Added _OSI(Linux-Dell-Video)
[    0.159053] ACPI: Added _OSI(Linux-Lenovo-NV-HDMI-Audio)
[    0.160003] ACPI: Added _OSI(Linux-HPI-Hybrid-Graphics)
[    0.160868] ACPI: Executed 1 blocks of module-level executable AML code
[    0.164772] ACPI: Interpreter enabled
[    0.165279] ACPI: (supports S0 S5)
[    0.165748] ACPI: Using IOAPIC for interrupt routing
[    0.166556] PCI: Using host bridge windows from ACPI; if necessary, use "pci=nocrs" and report a bug
[    0.167790] ACPI: Enabled 2 GPEs in block 00 to 07
[    0.172000] ACPI: PCI Root Bridge [PCI0] (domain 0000 [bus 00-ff])
[    0.172007] acpi PNP0A03:00: _OSC: OS supports [ASPM ClockPM Segments MSI]
[    0.176417] acpi PNP0A03:00: _OSC: not requesting OS control; OS requires [ExtendedConfig ASPM ClockPM MSI]
[    0.177649] acpi PNP0A03:00: fail to add MMCONFIG information, can't access extended PCI configuration space under this bridge.
[    0.179309] PCI host bridge to bus 0000:00
[    0.180003] pci_bus 0000:00: root bus resource [io  0x0000-0x0cf7 window]
[    0.180819] pci_bus 0000:00: root bus resource [io  0x0d00-0xffff window]
[    0.181634] pci_bus 0000:00: root bus resource [mem 0x000a0000-0x000bffff window]
[    0.182603] pci_bus 0000:00: root bus resource [mem 0x40000000-0xfdffffff window]
[    0.183564] pci_bus 0000:00: root bus resource [bus 00-ff]
[    0.185454] pci 0000:00:01.1: legacy IDE quirk: reg 0x10: [io  0x01f0-0x01f7]
[    0.186321] pci 0000:00:01.1: legacy IDE quirk: reg 0x14: [io  0x03f6]
[    0.187102] pci 0000:00:01.1: legacy IDE quirk: reg 0x18: [io  0x0170-0x0177]
[    0.188002] pci 0000:00:01.1: legacy IDE quirk: reg 0x1c: [io  0x0376]
[    0.205469] pci 0000:00:07.0: quirk: [io  0x4000-0x403f] claimed by PIIX4 ACPI
[    0.206830] pci 0000:00:07.0: quirk: [io  0x4100-0x410f] claimed by PIIX4 SMB
[    0.214564] ACPI: PCI Interrupt Link [LNKA] (IRQs 5 9 10 *11)
[    0.216041] ACPI: PCI Interrupt Link [LNKB] (IRQs 5 9 *10 11)
[    0.216924] ACPI: PCI Interrupt Link [LNKC] (IRQs 5 *9 10 11)
[    0.217758] ACPI: PCI Interrupt Link [LNKD] (IRQs 5 9 10 *11)
[    0.218823] SCSI subsystem initialized
[    0.219375] pci 0000:00:02.0: vgaarb: setting as boot VGA device
[    0.219375] pci 0000:00:02.0: vgaarb: VGA device added: decodes=io+mem,owns=io+mem,locks=none
[    0.220008] pci 0000:00:02.0: vgaarb: bridge control possible
[    0.220732] vgaarb: loaded
[    0.221207] ACPI: bus type USB registered
[    0.221756] usbcore: registered new interface driver usbfs
[    0.222464] usbcore: registered new interface driver hub
[    0.224027] usbcore: registered new device driver usb
[    0.224714] EDAC MC: Ver: 3.0.0
[    0.224714] PCI: Using ACPI for IRQ routing
[    0.224801] NetLabel: Initializing
[    0.225269] NetLabel:  domain hash size = 128
[    0.225849] NetLabel:  protocols = UNLABELED CIPSOv4 CALIPSO
[    0.228034] NetLabel:  unlabeled traffic allowed by default
[    0.228761] clocksource: Switched to clocksource kvm-clock
[    0.237943] VFS: Disk quotas dquot_6.6.0
[    0.238572] VFS: Dquot-cache hash table entries: 512 (order 0, 4096 bytes)
[    0.239468] AppArmor: AppArmor Filesystem Enabled
[    0.240114] pnp: PnP ACPI init
[    0.241379] pnp: PnP ACPI: found 3 devices
[    0.250089] clocksource: acpi_pm: mask: 0xffffff max_cycles: 0xffffff, max_idle_ns: 2085701024 ns
[    0.251242] NET: Registered protocol family 2
[    0.251960] TCP established hash table entries: 8192 (order: 4, 65536 bytes)
[    0.252863] TCP bind hash table entries: 8192 (order: 5, 131072 bytes)
[    0.254089] TCP: Hash tables configured (established 8192 bind 8192)
[    0.254903] UDP hash table entries: 512 (order: 2, 16384 bytes)
[    0.255651] UDP-Lite hash table entries: 512 (order: 2, 16384 bytes)
[    0.256481] NET: Registered protocol family 1
[    0.257072] pci 0000:00:00.0: Limiting direct PCI/PCI transfers
[    0.257846] pci 0000:00:01.0: Activating ISA DMA hang workarounds
[    0.258660] pci 0000:00:02.0: Video device with shadowed ROM at [mem 0x000c0000-0x000dffff]
[    0.259804] Unpacking initramfs...
[    0.482214] Freeing initrd memory: 19204K
[    0.482859] clocksource: tsc: mask: 0xffffffffffffffff max_cycles: 0x2283c0783fd, max_idle_ns: 440795301468 ns
[    0.484147] platform rtc_cmos: registered platform RTC device (no PNP device found)
[    0.485105] Scanning for low memory corruption every 60 seconds
[    0.486434] Initialise system trusted keyrings
[    0.487007] Key type blacklist registered
[    0.487601] workingset: timestamp_bits=36 max_order=18 bucket_order=0
[    0.489277] zbud: loaded
[    0.490129] squashfs: version 4.0 (2009/01/31) Phillip Lougher
[    0.491035] fuse init (API version 7.26)
[    0.493314] Key type asymmetric registered
[    0.493856] Asymmetric key parser 'x509' registered
[    0.494522] Block layer SCSI generic (bsg) driver version 0.4 loaded (major 246)
[    0.495539] io scheduler noop registered
[    0.496103] io scheduler deadline registered
[    0.496688] io scheduler cfq registered (default)
[    0.497536] ACPI: AC Adapter [AC] (on-line)
[    0.498134] input: Power Button as /devices/LNXSYSTM:00/LNXPWRBN:00/input/input0
[    0.499129] ACPI: Power Button [PWRF]
[    0.499674] input: Sleep Button as /devices/LNXSYSTM:00/LNXSLPBN:00/input/input1
[    0.500663] ACPI: Sleep Button [SLPF]
[    0.502140] ACPI: Battery Slot [BAT0] (battery present)
[    0.502808] Serial: 8250/16550 driver, 32 ports, IRQ sharing enabled
[    0.524133] 00:02: ttyS0 at I/O 0x3f8 (irq = 4, base_baud = 115200) is a 16550A
[    0.528146] Linux agpgart interface v0.103
[    0.529979] loop: module loaded
[    0.530846] scsi host0: ata_piix
[    0.531400] scsi host1: ata_piix
[    0.531878] ata1: PATA max UDMA/33 cmd 0x1f0 ctl 0x3f6 bmdma 0xd000 irq 14
[    0.532739] ata2: PATA max UDMA/33 cmd 0x170 ctl 0x376 bmdma 0xd008 irq 15
[    0.533866] libphy: Fixed MDIO Bus: probed
[    0.534469] tun: Universal TUN/TAP device driver, 1.6
[    0.535173] PPP generic driver version 2.4.2
[    0.535794] ehci_hcd: USB 2.0 'Enhanced' Host Controller (EHCI) Driver
[    0.536856] ehci-pci: EHCI PCI platform driver
[    0.537457] ehci-platform: EHCI generic platform driver
[    0.538154] ohci_hcd: USB 1.1 'Open' Host Controller (OHCI) Driver
[    0.538937] ohci-pci: OHCI PCI platform driver
[    0.539531] ohci-platform: OHCI generic platform driver
[    0.540210] uhci_hcd: USB Universal Host Controller Interface driver
[    0.541102] i8042: PNP: PS/2 Controller [PNP0303:PS2K,PNP0f03:PS2M] at 0x60,0x64 irq 1,12
[    0.542603] serio: i8042 KBD port at 0x60,0x64 irq 1
[    0.543258] serio: i8042 AUX port at 0x60,0x64 irq 12
[    0.543980] mousedev: PS/2 mouse device common for all mice
[    0.544946] input: AT Translated Set 2 keyboard as /devices/platform/i8042/serio0/input/input2
[    0.546560] rtc_cmos rtc_cmos: rtc core: registered rtc_cmos as rtc0
[    0.547471] rtc_cmos rtc_cmos: alarms up to one day, 114 bytes nvram
[    0.548354] i2c /dev entries driver
[    0.548922] device-mapper: uevent: version 1.0.3
[    0.549621] device-mapper: ioctl: 4.37.0-ioctl (2017-09-20) initialised: dm-devel@redhat.com
[    0.550867] ledtrig-cpu: registered to indicate activity on CPUs
[    0.552089] NET: Registered protocol family 10
[    0.555826] Segment Routing with IPv6
[    0.556425] NET: Registered protocol family 17
[    0.557202] Key type dns_resolver registered
[    0.557909] mce: Using 0 MCE banks
[    0.558415] RAS: Correctable Errors collector initialized.
[    0.559109] sched_clock: Marking stable (557843575, 0)->(689400160, -131556585)
[    0.560441] registered taskstats version 1
[    0.561005] Loading compiled-in X.509 certificates
[    0.563990] Loaded X.509 cert 'Build time autogenerated kernel key: 62d24f9c726e026b112735485dad6e6e4b50c923'
[    0.565302] zswap: loaded using pool lzo/zbud
[    0.569197] Key type big_key registered
[    0.569866] Key type trusted registered
[    0.572123] Key type encrypted registered
[    0.572805] AppArmor: AppArmor sha1 policy hashing enabled
[    0.573708] ima: No TPM chip found, activating TPM-bypass! (rc=-19)
[    0.574638] ima: Allocated hash algorithm: sha1
[    0.575324] evm: HMAC attrs: 0x1
[    0.576006]   Magic number: 4:330:643
[    0.576701] rtc_cmos rtc_cmos: setting system clock to 2020-01-13 17:36:49 UTC (1578937009)
[    0.578007] BIOS EDD facility v0.16 2004-Jun-25, 0 devices found
[    0.578932] EDD information not available.
[    0.695009] Freeing unused kernel image memory: 2428K
[    0.708063] Write protecting the kernel read-only data: 20480k
[    0.709786] Freeing unused kernel image memory: 2008K
[    0.711108] Freeing unused kernel image memory: 1884K
[    0.719330] x86/mm: Checked W+X mappings: passed, no W+X pages found.
[    0.720414] x86/mm: Checking user space page tables
[    0.727807] x86/mm: Checked W+X mappings: passed, no W+X pages found.
Loading, please wait...
starting version 237
[    0.803396] Fusion MPT base driver 3.04.20
[    0.804045] Copyright (c) 1999-2008 LSI Corporation
[    0.822017] Fusion MPT SPI Host driver 3.04.20
[    0.825206] AVX2 version of gcm_enc/dec engaged.
[    0.825855] AES CTR mode by8 optimization enabled
[    0.826611] e1000: Intel(R) PRO/1000 Network Driver - version 7.3.21-k8-NAPI
[    0.827497] e1000: Copyright (c) 1999-2006 Intel Corporation.
[    0.833352] mptbase: ioc0: Initiating bringup
[    1.007346] ioc0: LSI53C1030 A0: Capabilities={Initiator}
[    1.054923] input: ImExPS/2 Generic Explorer Mouse as /devices/platform/i8042/serio1/input/input4
[    2.500161] scsi host2: ioc0: LSI53C1030 A0, FwRev=00000000h, Ports=1, MaxQ=256, IRQ=20
[    2.761508] scsi 2:0:0:0: Direct-Access     VBOX     HARDDISK         1.0  PQ: 0 ANSI: 5
[    3.271154] scsi target2:0:0: Beginning Domain Validation
[    3.316624] scsi target2:0:0: Domain Validation skipping write tests
[    3.317488] scsi target2:0:0: Ending Domain Validation
[    3.322053] scsi target2:0:0: asynchronous
[    3.332340] scsi 2:0:1:0: Direct-Access     VBOX     HARDDISK         1.0  PQ: 0 ANSI: 5
[    3.536033] scsi target2:0:1: Beginning Domain Validation
[    3.538358] random: fast init done
[    3.538906] scsi target2:0:1: Domain Validation skipping write tests
[    3.540074] scsi target2:0:1: Ending Domain Validation
[    3.541154] scsi target2:0:1: asynchronous
[    3.545673] random: systemd-udevd: uninitialized urandom read (16 bytes read)
[    3.545810] sd 2:0:0:0: Attached scsi generic sg0 type 0
[    3.546635] random: systemd-udevd: uninitialized urandom read (16 bytes read)
[    3.547847] sd 2:0:1:0: Attached scsi generic sg1 type 0
[    3.548625] random: systemd-udevd: uninitialized urandom read (16 bytes read)
[    3.550589] sd 2:0:0:0: [sda] 20971520 512-byte logical blocks: (10.7 GB/10.0 GiB)
[    3.550617] sd 2:0:1:0: [sdb] 20480 512-byte logical blocks: (10.5 MB/10.0 MiB)
[    3.553045] sd 2:0:0:0: [sda] Write Protect is off
[    3.553073] sd 2:0:1:0: [sdb] Write Protect is off
[    3.555733] sd 2:0:0:0: [sda] Incomplete mode parameter data
[    3.556100] sd 2:0:1:0: [sdb] Incomplete mode parameter data
[    3.558185] sd 2:0:0:0: [sda] Assuming drive cache: write through
[    3.558908] sd 2:0:1:0: [sdb] Assuming drive cache: write through
[    3.572955] e1000 0000:00:03.0 eth0: (PCI:33MHz:32-bit) 02:18:f1:ab:ad:9d
[    3.573816] e1000 0000:00:03.0 eth0: Intel(R) PRO/1000 Network Connection
[    3.575600] e1000 0000:00:03.0 enp0s3: renamed from eth0
[    3.580961]  sda: sda1
[    3.582031] sd 2:0:0:0: [sda] Attached SCSI disk
[    3.617193] sd 2:0:1:0: [sdb] Attached SCSI disk
Begin: Loading essential drivers ... [    5.044046] raid6: sse2x1   gen() 11278 MB/s
[    5.092026] raid6: sse2x1   xor()  7401 MB/s
[    5.140037] raid6: sse2x2   gen() 12088 MB/s
[    5.188034] raid6: sse2x2   xor()  8661 MB/s
[    5.236034] raid6: sse2x4   gen() 15830 MB/s
[    5.284032] raid6: sse2x4   xor()  9938 MB/s
[    5.332015] raid6: avx2x1   gen() 21906 MB/s
[    5.380032] raid6: avx2x1   xor() 14795 MB/s
[    5.428035] raid6: avx2x2   gen() 24729 MB/s
[    5.476033] raid6: avx2x2   xor() 15418 MB/s
[    5.524034] raid6: avx2x4   gen() 28480 MB/s
[    5.572018] raid6: avx2x4   xor() 18577 MB/s
[    5.572578] raid6: using algorithm avx2x4 gen() 28480 MB/s
[    5.573242] raid6: .... xor() 18577 MB/s, rmw enabled
[    5.573860] raid6: using avx2x2 recovery algorithm
[    5.575837] xor: automatically using best checksumming function   avx       
[    5.578097] async_tx: api initialized (async)
done.
Begin: Running /scripts/init-premount ... done.
Begin: Mounting root file system ... Begin: Running /scripts/local-top ... done.
Begin: Running /scripts/local-premount ... [    5.625403] Btrfs loaded, crc32c=crc32c-intel
Scanning for Btrfs filesystems
done.
Warning: fsck not present, so skipping root file system
[    5.698395] EXT4-fs (sda1): mounted filesystem with ordered data mode. Opts: (null)
done.
Begin: Running /scripts/local-bottom ... done.
Begin: Running /scripts/init-bottom ... done.
[    6.749297] ip_tables: (C) 2000-2006 Netfilter Core Team
[    6.846161] systemd[1]: systemd 237 running in system mode. (+PAM +AUDIT +SELINUX +IMA +APPARMOR +SMACK +SYSVINIT +UTMP +LIBCRYPTSETUP +GCRYPT +GNUTLS +ACL +XZ +LZ4 +SECCOMP +BLKID +ELFUTILS +KMOD -IDN2 +IDN -PCRE2 default-hierarchy=hybrid)
[    6.851745] systemd[1]: Detected virtualization oracle.
[    6.852899] systemd[1]: Detected architecture x86-64.

Welcome to [1mUbuntu 18.04.3 LTS[0m!

[    6.909667] systemd[1]: Set hostname to <ubuntu>.
[    6.946986] systemd[1]: Initializing machine ID from random generator.
[    6.949245] systemd[1]: Installed transient /etc/machine-id file.
[    7.762192] random: crng init done
[    7.763470] random: 7 urandom warning(s) missed due to ratelimiting
[    8.360954] systemd[1]: Set up automount Arbitrary Executable File Formats File System Automount Point.
[[0;32m  OK  [0m] Set up automount Arbitrary Executabâ€¦rmats File System Automount Point.
[    8.365459] systemd[1]: Reached target User and Group Name Lookups.
[[0;32m  OK  [0m] Reached target User and Group Name Lookups.
[    8.367962] systemd[1]: Started Forward Password Requests to Wall Directory Watch.
[[0;32m  OK  [0m] Started Forward Password Requests to Wall Directory Watch.
[    8.370433] systemd[1]: Reached target Swap.
[[0;32m  OK  [0m] Reached target Swap.
[[0;32m  OK  [0m] Reached target System Time Synchronized.
[[0;32m  OK  [0m] Created slice User and Session Slice.
[[0;32m  OK  [0m] Created slice System Slice.
[[0;32m  OK  [0m] Listening on udev Control Socket.
[[0;32m  OK  [0m] Listening on Syslog Socket.
[[0;32m  OK  [0m] Listening on Network Service Netlink Socket.
[[0;32m  OK  [0m] Listening on LVM2 metadata daemon socket.
[[0;32m  OK  [0m] Created slice system-serial\x2dgetty.slice.
[[0;32m  OK  [0m] Listening on /dev/initctl Compatibility Named Pipe.
[[0;32m  OK  [0m] Listening on Journal Socket (/dev/log).
[[0;32m  OK  [0m] Reached target Slices.
[[0;32m  OK  [0m] Listening on Journal Socket.
         Mounting POSIX Message Queue File System...
         Starting Uncomplicated firewall...
         Mounting Huge Pages File System...
         Starting Set the console keyboard layout...
[[0;32m  OK  [0m] Listening on udev Kernel Socket.
         Starting udev Coldplug all Devices...
[[0;32m  OK  [0m] Listening on Device-mapper event daemon FIFOs.
[[0;32m  OK  [0m] Listening on LVM2 poll daemon socket.
         Starting Load Kernel Modules...
         Mounting Kernel Debug File System...
         Starting Remount Root and Kernel File Systems...
         Starting Create list of required stâ€¦ce nodes for the current kernel...
[[0;32m  OK  [0m] Listening on Journal Audit Socket.
         Starting Monitoring of LVM2 mirrorsâ€¦ng dmeventd or progress polling...
         Starting Journal Service...
[[0;32m  OK  [0m] Mounted POSIX Message Queue File System.
[[0;32m  OK  [0m] Mounted Huge Pages File System.
[[0;32m  OK  [0m] Mounted Kernel Debug File System.
[[0;32m  OK  [0m] Started Uncomplicated firewall.
[[0;32m  OK  [0m] Started udev Coldplug all Devices.
[[0;32m  OK  [0m] Started Create list of required staâ€¦vice nodes for the current kernel.
         Starting Create Static Device Nodes in /dev...
[    8.733532] EXT4-fs (sda1): re-mounted. Opts: (null)
[[0;32m  OK  [0m] Started Remount Root and Kernel File Systems.
         Starting Load/Save Random Seed...
[    8.756199] Loading iSCSI transport class v2.0-870.
[[0;32m  OK  [0m] Started Journal Service.
         Starting Flush Journal to Persistent Storage...
[[0;32m  OK  [0m] Started Load/Save Random Seed.
[    8.927235] iscsi: registered transport (tcp)
[[0;32m  OK  [0m] Started Set the console keyboard layout.
[    9.047172] systemd-journald[391]: Received request to flush runtime journal from PID 1
[    9.060850] iscsi: registered transport (iser)
[[0;32m  OK  [0m] Started Load Kernel Modules.
         Starting Apply Kernel Variables...
         Mounting Kernel Configuration File System...
         Mounting FUSE Control File System...
[[0;32m  OK  [0m] Started LVM2 metadata daemon.
[[0;32m  OK  [0m] Mounted Kernel Configuration File System.
[[0;32m  OK  [0m] Mounted FUSE Control File System.
[[0;32m  OK  [0m] Started Create Static Device Nodes in /dev.
         Starting udev Kernel Device Manager...
[[0;32m  OK  [0m] Started Apply Kernel Variables.
[[0;32m  OK  [0m] Started Monitoring of LVM2 mirrors,â€¦sing dmeventd or progress polling.
[[0;32m  OK  [0m] Reached target Local File Systems (Pre).
[[0;32m  OK  [0m] Reached target Local File Systems.
         Starting AppArmor initialization...
         Starting Commit a transient machine-id on disk...
         Starting Tell Plymouth To Write Out Runtime Data...
         Starting ebtables ruleset management...
         Starting Set console font and keymap...
[[0;32m  OK  [0m] Started Flush Journal to Persistent Storage.
         Starting Create Volatile Files and Directories...
[[0;32m  OK  [0m] Started Tell Plymouth To Write Out Runtime Data.
[[0;32m  OK  [0m] Started Set console font and keymap.
[[0;32m  OK  [0m] Started Create Volatile Files and Directories.
         Starting Update UTMP about System Boot/Shutdown...
[[0;32m  OK  [0m] Started Update UTMP about System Boot/Shutdown.
[[0;32m  OK  [0m] Started Commit a transient machine-id on disk.
[[0;32m  OK  [0m] Started udev Kernel Device Manager.
[[0;32m  OK  [0m] Started Dispatch Password Requests to Console Directory Watch.
[[0;32m  OK  [0m] Reached target Local Encrypted Volumes.
[[0;32m  OK  [0m] Started ebtables ruleset management.
[[0;32m  OK  [0m] Found device /dev/ttyS0.
[[0;32m  OK  [0m] Listening on Load/Save RF Kill Switch Status /dev/rfkill Watch.
[[0;32m  OK  [0m] Started AppArmor initialization.
         Starting Initial cloud-init job (pre-networking)...
[   15.765663] cloud-init[499]: Cloud-init v. 19.3-41-gc4735dd3-0ubuntu1~18.04.1 running 'init-local' at Mon, 13 Jan 2020 17:37:04 +0000. Up 15.20 seconds.
[[0;32m  OK  [0m] Started Initial cloud-init job (pre-networking).
[[0;32m  OK  [0m] Reached target Network (Pre).
         Starting Network Service...
[[0;32m  OK  [0m] Started Network Service.
         Starting Wait for Network to be Configured...
         Starting Network Name Resolution...
[[0;32m  OK  [0m] Started Network Name Resolution.
[[0;32m  OK  [0m] Reached target Network.
[[0;32m  OK  [0m] Reached target Host and Network Name Lookups.
[[0;32m  OK  [0m] Started Wait for Network to be Configured.
         Starting Initial cloud-init job (metadata service crawler)...
[   18.261086] cloud-init[636]: Cloud-init v. 19.3-41-gc4735dd3-0ubuntu1~18.04.1 running 'init' at Mon, 13 Jan 2020 17:37:07 +0000. Up 18.11 seconds.
[   18.262348] cloud-init[636]: ci-info: ++++++++++++++++++++++++++++++++++++++Net device info++++++++++++++++++++++++++++++++++++++
[   18.263556] cloud-init[636]: ci-info: +--------+------+----------------------------+---------------+--------+-------------------+
[   18.264656] cloud-init[636]: ci-info: | Device |  Up  |          Address           |      Mask     | Scope  |     Hw-Address    |
[   18.265826] cloud-init[636]: ci-info: +--------+------+----------------------------+---------------+--------+-------------------+
[   18.266939] cloud-init[636]: ci-info: | enp0s3 | True |         10.0.2.15          | 255.255.255.0 | global | 02:18:f1:ab:ad:9d |
[   18.268141] cloud-init[636]: ci-info: | enp0s3 | True | fe80::18:f1ff:feab:ad9d/64 |       .       |  link  | 02:18:f1:ab:ad:9d |
[   18.269306] cloud-init[636]: ci-info: |   lo   | True |         127.0.0.1          |   255.0.0.0   |  host  |         .         |
[   18.270515] cloud-init[636]: ci-info: |   lo   | True |          ::1/128           |       .       |  host  |         .         |
[   18.271729] cloud-init[636]: ci-info: +--------+------+----------------------------+---------------+--------+-------------------+
[   18.272868] cloud-init[636]: ci-info: ++++++++++++++++++++++++++++Route IPv4 info+++++++++++++++++++++++++++++
[   18.273811] cloud-init[636]: ci-info: +-------+-------------+----------+-----------------+-----------+-------+
[   18.274751] cloud-init[636]: ci-info: | Route | Destination | Gateway  |     Genmask     | Interface | Flags |
[   18.275669] cloud-init[636]: ci-info: +-------+-------------+----------+-----------------+-----------+-------+
[   18.276590] cloud-init[636]: ci-info: |   0   |   0.0.0.0   | 10.0.2.2 |     0.0.0.0     |   enp0s3  |   UG  |
[   18.277530] cloud-init[636]: ci-info: |   1   |   10.0.2.0  | 0.0.0.0  |  255.255.255.0  |   enp0s3  |   U   |
[   18.278461] cloud-init[636]: ci-info: |   2   |   10.0.2.2  | 0.0.0.0  | 255.255.255.255 |   enp0s3  |   UH  |
[   18.279377] cloud-init[636]: ci-info: +-------+-------------+----------+-----------------+-----------+-------+
[   18.280326] cloud-init[636]: ci-info: +++++++++++++++++++Route IPv6 info+++++++++++++++++++
[   18.281105] cloud-init[636]: ci-info: +-------+-------------+---------+-----------+-------+
[   18.281880] cloud-init[636]: ci-info: | Route | Destination | Gateway | Interface | Flags |
[   18.282689] cloud-init[636]: ci-info: +-------+-------------+---------+-----------+-------+
[   18.283470] cloud-init[636]: ci-info: |   1   |  fe80::/64  |    ::   |   enp0s3  |   U   |
[   18.284296] cloud-init[636]: ci-info: |   3   |    local    |    ::   |   enp0s3  |   U   |
[   18.285149] cloud-init[636]: ci-info: |   4   |   ff00::/8  |    ::   |   enp0s3  |   U   |
[   18.285964] cloud-init[636]: ci-info: +-------+-------------+---------+-----------+-------+
[   19.778573] cloud-init[636]: Generating public/private rsa key pair.
[   19.779534] cloud-init[636]: Your identification has been saved in /etc/ssh/ssh_host_rsa_key.
[   19.781155] cloud-init[636]: Your public key has been saved in /etc/ssh/ssh_host_rsa_key.pub.
[   19.782711] cloud-init[636]: The key fingerprint is:
[   19.783740] cloud-init[636]: SHA256:h4rfy+xGPrUMX0W3LZdkJXel2wyLIykNdMMHjPHGJ2w root@ubuntu-bionic
[   19.785370] cloud-init[636]: The key's randomart image is:
[   19.786817] cloud-init[636]: +---[RSA 2048]----+
[   19.787609] cloud-init[636]: |        o=+.  . B|
[   19.788273] cloud-init[636]: |       ..=o.. .*o|
[   19.788891] cloud-init[636]: |        . E...=.+|
[   19.789468] cloud-init[636]: |         * + .oOo|
[   19.790046] cloud-init[636]: |        S = o.ooo|
[   19.791030] cloud-init[636]: |     . .oo....   |
[   19.792026] cloud-init[636]: |    . .o = o     |
[   19.793063] cloud-init[636]: |     . ++ +      |
[   19.794076] cloud-init[636]: |      .o*o       |
[   19.794781] cloud-init[636]: +----[SHA256]-----+
[   19.795376] cloud-init[636]: Generating public/private dsa key pair.
[   19.796186] cloud-init[636]: Your identification has been saved in /etc/ssh/ssh_host_dsa_key.
[   19.797109] cloud-init[636]: Your public key has been saved in /etc/ssh/ssh_host_dsa_key.pub.
[   19.798138] cloud-init[636]: The key fingerprint is:
[   19.799068] cloud-init[636]: SHA256:laHt+NihtLgb3gszeOkDRhmhFd51jtj0Cix85iWdvgg root@ubuntu-bionic
[   19.800299] cloud-init[636]: The key's randomart image is:
[   19.800985] cloud-init[636]: +---[DSA 1024]----+
[   19.801658] cloud-init[636]: |    +o  o o      |
[   19.802578] cloud-init[636]: |   =.o * O o     |
[   19.803483] cloud-init[636]: |  . +oO B *      |
[   19.804465] cloud-init[636]: |    o= = =       |
[   19.805296] cloud-init[636]: |   .E . S o      |
[   19.806209] cloud-init[636]: |    oo = B .     |
[   19.807093] cloud-init[636]: |   ...X = o      |
[   19.807962] cloud-init[636]: |     +.B         |
[   19.808897] cloud-init[636]: |      =oo.       |
[   19.809767] cloud-init[636]: +----[SHA256]-----+
[   19.810630] cloud-init[636]: Generating public/private ecdsa key pair.
[   19.811734] cloud-init[636]: Your identification has been saved in /etc/ssh/ssh_host_ecdsa_key.
[   19.813125] cloud-init[636]: Your public key has been saved in /etc/ssh/ssh_host_ecdsa_key.pub.
[   19.814753] cloud-init[636]: The key fingerprint is:
[   19.816152] cloud-init[636]: SHA256:0FbeJ/QGdTnqjH/3USK6R8NS0ztT0k+lyYzrmM+UC0o root@ubuntu-bionic
[   19.817615] cloud-init[636]: The key's randomart image is:
[   19.818604] cloud-init[636]: +---[ECDSA 256]---+
[   19.819212] cloud-init[636]: |          . o.. o|
[   19.819803] cloud-init[636]: |       . o o o +.|
[   19.820424] cloud-init[636]: |      . o . o==+o|
[   19.821025] cloud-init[636]: |       o    +=B +|
[   19.821628] cloud-init[636]: |        S  o=o.=o|
[   19.822234] cloud-init[636]: |          .o==+.o|
[   19.822825] cloud-init[636]: |        E o*+. + |
[   19.823409] cloud-init[636]: |       . .o=oo .o|
[   19.823997] cloud-init[636]: |        . .o+ . +|
[   19.824627] cloud-init[636]: +----[SHA256]-----+
[   19.825217] cloud-init[636]: Generating public/private ed25519 key pair.
[   19.825968] cloud-init[636]: Your identification has been saved in /etc/ssh/ssh_host_ed25519_key.
[   19.826942] cloud-init[636]: Your public key has been saved in /etc/ssh/ssh_host_ed25519_key.pub.
[   19.828090] cloud-init[636]: The key fingerprint is:
[   19.829031] cloud-init[636]: SHA256:xzhPjObA20JMgIhb9cyP72POF1c+O6xk689XBklw2Is root@ubuntu-bionic
[   19.830418] cloud-init[636]: The key's randomart image is:
[   19.831321] cloud-init[636]: +--[ED25519 256]--+
[   19.832204] cloud-init[636]: |.. oo       .+.  |
[   19.832943] cloud-init[636]: |o o  =      ..o  |
[   19.833660] cloud-init[636]: | o    =      o o |
[   19.834465] cloud-init[636]: |.    + o =  E =  |
[   19.835229] cloud-init[636]: |      * S =  o . |
[   19.836005] cloud-init[636]: |     . B =. . o o|
[   19.836939] cloud-init[636]: |      o + .oo. +.|
[   19.837699] cloud-init[636]: |       +o .o o+ .|
[   19.838684] cloud-init[636]: |       o+o .+ooo |
[[   19.840716] cloud-init[636]: +----[SHA256]-----+
[0;32m  OK  [0m] Started Initial cloud-init job (metadata service crawler).
[[0;32m  OK  [0m] Reached target Cloud-config availability.
[[0;32m  OK  [0m] Reached target Network is Online.
         Starting Availability of block devices...
[[0;32m  OK  [0m] Reached target Remote File Systems (Pre).
[[0;32m  OK  [0m] Reached target Remote File Systems.
[[0;32m  OK  [0m] Reached target System Initialization.
[[0;32m  OK  [0m] Listening on UUID daemon activation socket.
[[0;32m  OK  [0m] Started Discard unused blocks once a week.
         Starting LXD - unix socket.
[[0;32m  OK  [0m] Started Daily Cleanup of Temporary Directories.
[[0;32m  OK  [0m] Listening on Open-iSCSI iscsid Socket.
[[0;32m  OK  [0m] Listening on ACPID Listen Socket.
[[0;32m  OK  [0m] Started Message of the Day.
[[0;32m  OK  [0m] Started ACPI Events Check.
[[0;32m  OK  [0m] Reached target Paths.
         Starting Socket activation for snappy daemon.
[[0;32m  OK  [0m] Listening on D-Bus System Message Bus Socket.
[[0;32m  OK  [0m] Started Daily apt download activities.
[[0;32m  OK  [0m] Started Daily apt upgrade and clean activities.
[[0;32m  OK  [0m] Reached target Timers.
[[0;32m  OK  [0m] Started Availability of block devices.
[[0;32m  OK  [0m] Listening on LXD - unix socket.
[[0;32m  OK  [0m] Listening on Socket activation for snappy daemon.
[[0;32m  OK  [0m] Reached target Sockets.
[[0;32m  OK  [0m] Reached target Basic System.
[[0;32m  OK  [0m] Started D-Bus System Message Bus.
         Starting Accounts Service...
[[0;32m  OK  [0m] Started irqbalance daemon.
         Starting Snappy daemon...
         Starting Login Service...
         Starting LSB: Record successful boot for GRUB...
         Starting LXD - container startup/shutdown...
[[0;32m  OK  [0m] Started Regular background program processing daemon.
[[0;32m  OK  [0m] Started FUSE filesystem for LXC.
         Starting LSB: automatic crash report generation...
         Starting Virtualbox guest utils...
         Starting Permit User Sessions...
         Starting Pollinate to seed the pseudo random number generator...
         Starting System Logging Service...
         Starting Dispatcher daemon for systemd-networkd...
[[0;32m  OK  [0m] Started Deferred execution scheduler.
[[0;32m  OK  [0m] Started Login Service.
[[0;32m  OK  [0m] Started Unattended Upgrades Shutdown.
[[0;32m  OK  [0m] Started Permit User Sessions.
         Starting Terminate Plymouth Boot Screen...
         Starting Hold until boot process finishes up...
[[0;32m  OK  [0m] Started Hold until boot process finishes up.
[[0;32m  OK  [0m] Started Serial Getty on ttyS0.
         Starting Set console scheme...
[[0;32m  OK  [0m] Started Terminate Plymouth Boot Screen.
[[0;32m  OK  [0m] Started Set console scheme.
[[0;32m  OK  [0m] Created slice system-getty.slice.
[[0;32m  OK  [0m] Started Getty on tty1.
[[0;32m  OK  [0m] Reached target Login Prompts.
         Starting Authorization Manager...
[[0;32m  OK  [0m] Started LSB: automatic crash report generation.
[[0;32m  OK  [0m] Started LSB: Record successful boot for GRUB.
[[0;32m  OK  [0m] Started Authorization Manager.
[[0;32m  OK  [0m] Started Accounts Service.
[[0;32m  OK  [0m] Started System Logging Service.
[[0;32m  OK  [0m] Started Virtualbox guest utils.
[[0;32m  OK  [0m] Started Dispatcher daemon for systemd-networkd.
[[0;32m  OK  [0m] Started LXD - container startup/shutdown.

Ubuntu 18.04.3 LTS ubuntu-bionic ttyS0

ubuntu-bionic login: [   31.503572] cloud-init[1372]: Cloud-init v. 19.3-41-gc4735dd3-0ubuntu1~18.04.1 running 'modules:config' at Mon, 13 Jan 2020 17:37:19 +0000. Up 30.35 seconds.
ci-info: no authorized ssh keys fingerprints found for user ubuntu.
<14>Jan 13 17:37:21 ec2: 
<14>Jan 13 17:37:21 ec2: #############################################################
<14>Jan 13 17:37:21 ec2: -----BEGIN SSH HOST KEY FINGERPRINTS-----
<14>Jan 13 17:37:21 ec2: 1024 SHA256:laHt+NihtLgb3gszeOkDRhmhFd51jtj0Cix85iWdvgg root@ubuntu-bionic (DSA)
<14>Jan 13 17:37:21 ec2: 256 SHA256:0FbeJ/QGdTnqjH/3USK6R8NS0ztT0k+lyYzrmM+UC0o root@ubuntu-bionic (ECDSA)
<14>Jan 13 17:37:21 ec2: 256 SHA256:xzhPjObA20JMgIhb9cyP72POF1c+O6xk689XBklw2Is root@ubuntu-bionic (ED25519)
<14>Jan 13 17:37:21 ec2: 2048 SHA256:h4rfy+xGPrUMX0W3LZdkJXel2wyLIykNdMMHjPHGJ2w root@ubuntu-bionic (RSA)
<14>Jan 13 17:37:21 ec2: -----END SSH HOST KEY FINGERPRINTS-----
<14>Jan 13 17:37:21 ec2: #############################################################
-----BEGIN SSH HOST KEY KEYS-----
ecdsa-sha2-nistp256 AAAAE2VjZHNhLXNoYTItbmlzdHAyNTYAAAAIbmlzdHAyNTYAAABBBMH8XVzvXgvleX/Oc3sGkkvKX+fDt+LEy1CPDZxA86VTIbqPqJQujzvMawiHNU5ZGcmpvBSEF7JzPAHQZKhcXmA= root@ubuntu-bionic
ssh-ed25519 AAAAC3NzaC1lZDI1NTE5AAAAIBK0kYzMlnMqPbk3feRbF8Irb1rbKioBsVMAILQPyQfP root@ubuntu-bionic
ssh-rsa AAAAB3NzaC1yc2EAAAADAQABAAABAQDfPuXlqTjssV/FboPaz3CAawZxn6QrwD4+DLOy59tIZ0AwdgaYYOGaZ2h7ZFsNF+MjvP6m9iMdsCtU+U0KWt8MjnLF+/JURwLJx3/b8GncdPMwCxeW/COMzZtBHGPslDaQwpcnWC7L5i6BO2f+twmCklFOktYvbdJJT2VIAPeRYEWsZ93gKWX6NFJm1M6x45LhLMf1Kha6tIBQ9V+PaF3+uwCNJY39pydbwO9h1lGhbvSeLvKBinadtQ9VwhWVjtBHfCXgoLcFG7LyTV3DvyYhyfrrIcB+DhopHIrG9/0Ue+OhwRwGDVKyWhF5449+Qaqp+kJZegX6d1KkZphSEWdt root@ubuntu-bionic
-----END SSH HOST KEY KEYS-----
[   32.115350] cloud-init[1541]: Cloud-init v. 19.3-41-gc4735dd3-0ubuntu1~18.04.1 running 'modules:final' at Mon, 13 Jan 2020 17:37:20 +0000. Up 31.89 seconds.
[   32.115813] cloud-init[1541]: ci-info: no authorized ssh keys fingerprints found for user ubuntu.
[   32.116255] cloud-init[1541]: Cloud-init v. 19.3-41-gc4735dd3-0ubuntu1~18.04.1 finished at Mon, 13 Jan 2020 17:37:21 +0000. Datasource DataSourceNoCloud [seed=/dev/sdb][dsmode=net].  Up 32.10 seconds
